TAK
21973233
0 0 1 1 0 0 0 0 0 2 1034 0 0 0 0 0 0 
30500537656
0 0 0 0 767966 0 0 0 0 0 0 0 0 0 0 0 0 
