TAK
8355117
0 1812 0 8 0 0 0 2 0 0 1 0 0 0 0 
1065868296
62284 0 1 0 0 0 0 0 0 0 0 1 0 0 0 
