TAK
177022
0 0 603 0 4 0 0 0 0 0 0 0 0 4 0 0 
218956564
0 1 0 0 0 0 0 0 6919 0 0 13 0 0 0 0 
