TAK
1365162
7149 0 0 0 6 0 0 0 0 0 0 0 0 0 0 0 0 0 
1683235191
2 0 0 0 0 0 0 0 41999 0 0 0 1 0 0 0 0 0 
