TAK
1636778
0 0 764 0 0 0 0 0 0 0 1 2 0 0 0 0 0 0 0 0 
333033337
0 0 0 0 2 0 0 0 0 0 0 0 3810 0 0 0 1 0 0 0 
