TAK
3486880
1383 0 0 0 0 0 0 0 0 0 0 0 0 0 0 1 0 0 0 0 0 0 0 0 0 1 2 
488526322
0 0 0 0 1 0 0 1 0 21904 0 0 0 0 0 0 0 0 0 0 0 0 0 1 0 0 0 
