TAK
5993940
0 0 0 0 0 0 0 644 12 0 1 0 
893232430
2 0 15257 0 0 0 0 0 0 0 0 0 
