TAK
126992
0 2 0 0 0 0 0 0 0 0 0 2 0 19 0 0 0 0 0 0 0 0 
27688626
0 1 0 0 0 0 2 0 0 0 0 0 0 0 0 0 0 0 0 0 0 344 
