TAK
4482625
0 0 0 1 0 0 0 0 0 0 0 0 0 0 0 0 0 0 0 0 0 0 0 0 0 445 0 0 7 0 0 0 0 0 0 0 0 0 0 0 0 0 0 0 
643161727
0 0 0 0 1 0 0 30631 0 0 0 0 0 0 0 0 0 0 0 0 0 0 0 0 0 0 0 0 0 0 0 0 0 0 0 0 0 0 0 0 0 0 0 0 
