TAK
273441
3 0 0 0 0 0 0 0 0 0 0 0 0 138 0 1 0 0 0 
131989233
0 0 0 0 1 0 0 0 1 0 0 0 1709 0 0 0 0 0 0 
