TAK
882882
0 0 0 0 0 0 0 2 0 0 0 0 0 0 0 0 0 0 0 0 0 0 0 0 332 
153343600
0 0 0 0 0 0 0 0 0 1 0 0 1724 0 0 0 0 0 0 0 0 0 0 0 0 
