TAK
2189127
0 0 0 0 43 8 0 1 0 
33653669
648 0 5 0 0 0 0 0 0 
