TAK
301437
0 139 0 0 0 0 0 0 0 0 0 0 0 0 0 2 0 1 
136856249
0 0 0 0 0 0 0 1 0 0 3165 0 0 0 0 0 0 0 
