TAK
286967
1 0 2 0 0 0 0 5 0 9 
9576819
0 0 272 0 0 0 1 0 0 0 
