TAK
3219203
0 0 0 3 1 0 0 54 0 1 
35418956
0 0 0 0 0 5 0 0 484 0 
