TAK
124443
0 21 0 0 0 0 0 1 0 0 0 0 0 1 0 0 0 0 
36330634
1 0 0 0 0 0 0 0 0 0 0 0 0 0 0 0 0 418 
