TAK
9
3 0 0 0 0 0 0 0 0 0 
234
0 0 0 0 0 0 13 0 0 0 
